<html>
<body>
<pre>
<h1>µVision Build Log</h1>
<h2>Tool Versions:</h2>
IDE-Version: µVision V5.38.0.0
Copyright (C) 2022 ARM Ltd and ARM Germany GmbH. All rights reserved.
License Information: st Admin, HP Inc., LIC=----
 
Tool Versions:
Toolchain:       MDK-Lite  Version: 5.38.0.0
Toolchain Path:  C:\Keil_v5\ARM\ARMCLANG\Bin
C Compiler:      ArmClang.exe V6.19
Assembler:       Armasm.exe V6.19
Linker/Locator:  ArmLink.exe V6.19
Library Manager: ArmAr.exe V6.19
Hex Converter:   FromElf.exe V6.19
CPU DLL:         SARMCM3.DLL V5.38.0.0
Dialog DLL:      DCM.DLL V1.17.5.0
Target DLL:      STLink\ST-LINKIII-KEIL_SWO.dll V3.1.0.0
Dialog DLL:      TCM.DLL V1.56.4.0
 
<h2>Project:</h2>
D:\Chuyen nganh\Keilc\Bai1\bai1.uvprojx
Project File Date:  09/16/2023

<h2>Output:</h2>
*** Using Compiler 'V6.19', folder: 'C:\Keil_v5\ARM\ARMCLANG\Bin'
Build target 'Target 1'
main.c(16): warning: a function declaration without a prototype is deprecated in all versions of C [-Wstrict-prototypes]
int main(){
        ^
         void
main.c(18): warning: // comments are not allowed in this language [-Wcomment]
//      RCC -> AHB1ENR |= GPIODEN;
^
main.c(39): warning: implicit conversion changes signedness: 'int' to 'unsigned int' [-Wsign-conversion]
        GPIOA_0 -> MODER &= ~USER_BUTTON;
                         ~~ ~^~~~~~~~~~~
main.c(13): note: expanded from macro 'USER_BUTTON'
#define USER_BUTTON 3<<0
                     ^
main.c(79): warning: commas at the end of enumerator lists are a C99-specific feature [-Wc99-extensions]
                blue = 0,
                        ^
main.c(94): warning: implicit conversion changes signedness: 'int' to 'unsigned int' [-Wsign-conversion]
                                                GPIOD_1 -> ODR &= ~(LED_BLUE);
                                                               ~~ ^~~~~~~~~~~
main.c(95): warning: implicit conversion changes signedness: 'int' to 'unsigned int' [-Wsign-conversion]
                                                GPIOD_1 -> ODR &= ~(LED_GREEN);
                                                               ~~ ^~~~~~~~~~~~
main.c(99): warning: implicit conversion changes signedness: 'int' to 'unsigned int' [-Wsign-conversion]
                                                GPIOD_1 -> ODR &= ~(LED_RED);
                                                               ~~ ^~~~~~~~~~
main.c(100): warning: implicit conversion changes signedness: 'int' to 'unsigned int' [-Wsign-conversion]
                                                GPIOD_1 -> ODR &= ~(LED_BLUE);
                                                               ~~ ^~~~~~~~~~~
main.c(104): warning: implicit conversion changes signedness: 'int' to 'unsigned int' [-Wsign-conversion]
                                                GPIOD_1 -> ODR &= ~(LED_GREEN);
                                                               ~~ ^~~~~~~~~~~~
main.c(105): warning: implicit conversion changes signedness: 'int' to 'unsigned int' [-Wsign-conversion]
                                                GPIOD_1 -> ODR &= ~(LED_RED);
                                                               ~~ ^~~~~~~~~~
main.c(72): warning: mixing declarations and code is a C99 extension [-Wdeclaration-after-statement]
        uint8_t count = 3;
                ^
main.c(39): warning: shifting a negative signed value is undefined [-Wshift-negative-value]
        GPIOA_0 -> MODER &= ~USER_BUTTON;
                            ~^~~~~~~~~~~
main.c(13): note: expanded from macro 'USER_BUTTON'
#define USER_BUTTON 3<<0
                     ^
main.c(113): warning: 'return' will never be executed [-Wunreachable-code-return]
        return 0;
               ^
main.c(80): warning: unused typedef 'led_state' [-Wunused-local-typedef]
        } led_state;
          ^
14 warnings generated.
compiling main.c...
linking...
Program Size: Code=772 RO-data=408 RW-data=0 ZI-data=1632  
".\Objects\bai1.axf" - 0 Error(s), 14 Warning(s).

<h2>Software Packages used:</h2>

Package Vendor: ARM
                http://www.keil.com/pack/ARM.CMSIS.5.9.0.pack
                ARM.CMSIS.5.9.0
                CMSIS (Common Microcontroller Software Interface Standard)
   * Component: CORE Version: 5.6.0

Package Vendor: Keil
                http://www.keil.com/pack/Keil.STM32F4xx_DFP.2.11.0.pack
                Keil.STM32F4xx_DFP.2.11.0
                STMicroelectronics STM32F4 Series Device Support, Drivers and Examples
   * Component: Startup Version: 2.6.0

<h2>Collection of Component include folders:</h2>
  ./RTE/_Target_1
  C:/Users/Admin/AppData/Local/Arm/Packs/ARM/CMSIS/5.9.0/CMSIS/Core/Include
  C:/Users/Admin/AppData/Local/Arm/Packs/Keil/STM32F4xx_DFP/2.11.0/Drivers/CMSIS/Device/ST/STM32F4xx/Include

<h2>Collection of Component Files used:</h2>

   * Component: ARM::CMSIS:CORE:5.6.0

   * Component: Keil::Device:Startup:2.6.0
      Include file:  Drivers/CMSIS/Device/ST/STM32F4xx/Include/stm32f4xx.h
      Source file:   Drivers/CMSIS/Device/ST/STM32F4xx/Source/Templates/arm/startup_stm32f407xx.s
      Source file:   MDK/Device/Source/ARM/STM32F4xx_OTP.s
      Source file:   MDK/Device/Source/ARM/STM32F40xxx_41xxx_OPT.s
      Source file:   Drivers/CMSIS/Device/ST/STM32F4xx/Source/Templates/system_stm32f4xx.c
Build Time Elapsed:  00:00:00
</pre>
</body>
</html>
