<html>
<body>
<pre>
<h1>µVision Build Log</h1>
<h2>Tool Versions:</h2>
IDE-Version: µVision V5.38.0.0
Copyright (C) 2022 ARM Ltd and ARM Germany GmbH. All rights reserved.
License Information: st Admin, HP Inc., LIC=----
 
Tool Versions:
Toolchain:       MDK-Lite  Version: 5.38.0.0
Toolchain Path:  C:\Keil_v5\ARM\ARMCLANG\Bin
C Compiler:      ArmClang.exe V6.19
Assembler:       Armasm.exe V6.19
Linker/Locator:  ArmLink.exe V6.19
Library Manager: ArmAr.exe V6.19
Hex Converter:   FromElf.exe V6.19
CPU DLL:         SARMCM3.DLL V5.38.0.0
Dialog DLL:      DCM.DLL V1.17.5.0
Target DLL:      STLink\ST-LINKIII-KEIL_SWO.dll V3.1.0.0
Dialog DLL:      TCM.DLL V1.56.4.0
 
<h2>Project:</h2>
D:\Chuyen nganh\Keilc\Bai3\bai3.uvprojx
Project File Date:  09/17/2023

<h2>Output:</h2>
*** Using Compiler 'V6.19', folder: 'C:\Keil_v5\ARM\ARMCLANG\Bin'
Rebuild target 'Target 1'
assembling startup_stm32f407xx.s...
RTE/Device/STM32F407VGTx/system_stm32f4xx.c(67): warning: In file included from...
C:/Users/Admin/AppData/Local/Arm/Packs/Keil/STM32F4xx_DFP/2.11.0/Drivers/CMSIS/Device/ST/STM32F4xx/Include\stm32f4xx.h(13): warning: invalid UTF-8 in comment [-Winvalid-utf8]
  *              - To use or not the peripheral<92>s drivers in application code(i.e. 
                                               ^
C:/Users/Admin/AppData/Local/Arm/Packs/Keil/STM32F4xx_DFP/2.11.0/Drivers/CMSIS/Device/ST/STM32F4xx/Include\stm32f4xx.h(14): warning: invalid UTF-8 in comment [-Winvalid-utf8]
  *                code will be based on direct access to peripheral<92>s registers 
                                                                    ^
2 warnings generated.
compiling system_stm32f4xx.c...
main.c(15): warning: no previous extern declaration for non-static variable 'delay_ticks' [-Wmissing-variable-declarations]
uint32_t delay_ticks = 2000;
         ^
main.c(15): note: declare 'static' if the variable is not intended to be used outside of this translation unit
uint32_t delay_ticks = 2000;
^
main.c(16): warning: a function declaration without a prototype is deprecated in all versions of C [-Wstrict-prototypes]
void SysTick_Configuration(){
                          ^
                           void
main.c(18): warning: // comments are not allowed in this language [-Wcomment]
        SysTick ->LOAD = 16000 - 1;//T_systick = 1 ms and clock system = 16Mhz
                                   ^
main.c(16): warning: no previous prototype for function 'SysTick_Configuration' [-Wmissing-prototypes]
void SysTick_Configuration(){
     ^
main.c(16): note: declare 'static' if the function is not intended to be used outside of this translation unit
void SysTick_Configuration(){
^
static 
main.c(25): warning: no previous extern declaration for non-static variable 'counter' [-Wmissing-variable-declarations]
int counter =0;
    ^
main.c(25): note: declare 'static' if the variable is not intended to be used outside of this translation unit
int counter =0;
^
main.c(26): warning: a function declaration without a prototype is deprecated in all versions of C [-Wstrict-prototypes]
void SysTick_Handler() {
                    ^
                     void
main.c(26): warning: no previous prototype for function 'SysTick_Handler' [-Wmissing-prototypes]
void SysTick_Handler() {
     ^
main.c(26): note: declare 'static' if the function is not intended to be used outside of this translation unit
void SysTick_Handler() {
^
static 
main.c(28): warning: comparison of integers of different signs: 'int' and 'uint32_t' (aka 'unsigned int') [-Wsign-compare]
        if (counter >= delay_ticks){
            ~~~~~~~ ^  ~~~~~~~~~~~
main.c(34): warning: a function declaration without a prototype is deprecated in all versions of C [-Wstrict-prototypes]
void Interrupt_Configuration(){
                            ^
                             void
main.c(34): warning: no previous prototype for function 'Interrupt_Configuration' [-Wmissing-prototypes]
void Interrupt_Configuration(){
     ^
main.c(34): note: declare 'static' if the function is not intended to be used outside of this translation unit
void Interrupt_Configuration(){
^
static 
main.c(42): warning: no previous extern declaration for non-static variable 'num' [-Wmissing-variable-declarations]
int num = 0;
    ^
main.c(42): note: declare 'static' if the variable is not intended to be used outside of this translation unit
int num = 0;
^
main.c(43): warning: a function declaration without a prototype is deprecated in all versions of C [-Wstrict-prototypes]
int main(){
        ^
         void
main.c(56): warning: implicit conversion changes signedness: 'int' to 'unsigned int' [-Wsign-conversion]
        GPIOA -> MODER &= ~USER_BUTTON;
                       ~~ ~^~~~~~~~~~~
main.c(9): note: expanded from macro 'USER_BUTTON'
#define USER_BUTTON 3<<0
                     ^
main.c(56): warning: shifting a negative signed value is undefined [-Wshift-negative-value]
        GPIOA -> MODER &= ~USER_BUTTON;
                          ~^~~~~~~~~~~
main.c(9): note: expanded from macro 'USER_BUTTON'
#define USER_BUTTON 3<<0
                     ^
main.c(62): warning: 'return' will never be executed [-Wunreachable-code-return]
        return 0;
               ^
main.c(66): warning: no previous prototype for function 'EXTI0_IRQHandler' [-Wmissing-prototypes]
void EXTI0_IRQHandler(void){
     ^
main.c(66): note: declare 'static' if the function is not intended to be used outside of this translation unit
void EXTI0_IRQHandler(void){
^
static 
16 warnings generated.
compiling main.c...
linking...
Program Size: Code=876 RO-data=424 RW-data=4 ZI-data=1640  
".\Objects\bai1.axf" - 0 Error(s), 18 Warning(s).

<h2>Software Packages used:</h2>

Package Vendor: ARM
                http://www.keil.com/pack/ARM.CMSIS.5.9.0.pack
                ARM.CMSIS.5.9.0
                CMSIS (Common Microcontroller Software Interface Standard)
   * Component: CORE Version: 5.6.0

Package Vendor: Keil
                http://www.keil.com/pack/Keil.STM32F4xx_DFP.2.11.0.pack
                Keil.STM32F4xx_DFP.2.11.0
                STMicroelectronics STM32F4 Series Device Support, Drivers and Examples
   * Component: Startup Version: 2.6.0

<h2>Collection of Component include folders:</h2>
  ./RTE/_Target_1
  C:/Users/Admin/AppData/Local/Arm/Packs/ARM/CMSIS/5.9.0/CMSIS/Core/Include
  C:/Users/Admin/AppData/Local/Arm/Packs/Keil/STM32F4xx_DFP/2.11.0/Drivers/CMSIS/Device/ST/STM32F4xx/Include

<h2>Collection of Component Files used:</h2>

   * Component: ARM::CMSIS:CORE:5.6.0

   * Component: Keil::Device:Startup:2.6.0
      Source file:   Drivers/CMSIS/Device/ST/STM32F4xx/Source/Templates/system_stm32f4xx.c
      Source file:   MDK/Device/Source/ARM/STM32F40xxx_41xxx_OPT.s
      Source file:   MDK/Device/Source/ARM/STM32F4xx_OTP.s
      Include file:  Drivers/CMSIS/Device/ST/STM32F4xx/Include/stm32f4xx.h
      Source file:   Drivers/CMSIS/Device/ST/STM32F4xx/Source/Templates/arm/startup_stm32f407xx.s
Build Time Elapsed:  00:00:01
</pre>
</body>
</html>
