../Core/Src/main.c:58:6:toggleRed	8	static
../Core/Src/main.c:62:6:toggleGreen	8	static
../Core/Src/main.c:66:6:toggleYellow	8	static
../Core/Src/main.c:70:6:toggleBlue	8	static
../Core/Src/main.c:74:6:togglePink	8	static
../Core/Src/main.c:83:5:main	8	static
../Core/Src/main.c:131:6:SystemClock_Config	72	static
../Core/Src/main.c:165:13:MX_TIM2_Init	32	static
../Core/Src/main.c:207:13:MX_GPIO_Init	32	static
../Core/Src/main.c:230:6:HAL_TIM_PeriodElapsedCallback	16	static
../Core/Src/main.c:239:6:Error_Handler	4	static,ignoring_inline_asm
